≡ƒº¬ Testing Recharge Deduplication Fix

============================================================

≡ƒô¥ Step 1: Logging in as test user...
Γ£à Login successful

≡ƒô¥ Step 2: Fetching recharge history...
Γ£à Fetched 14 recharge entries

============================================================
RECHARGE HISTORY (After Deduplication):
============================================================

[1] Recharge ID: 18
    Amount: $200
    Status: APPROVED
    Payment Method: USDT_TRC20
    Created: 2/15/2026, 10:21:52 AM
    Approved: 2/15/2026, 10:23:05 AM

[2] Recharge ID: 17
    Amount: $200
    Status: APPROVED
    Payment Method: USDT_TRC20
    Created: 2/14/2026, 6:07:12 PM
    Approved: 2/14/2026, 6:29:10 PM

[3] Recharge ID: 16
    Amount: $100
    Status: APPROVED
    Payment Method: USDT_TRC20
    Created: 2/13/2026, 11:51:52 AM
    Approved: 2/13/2026, 1:42:12 PM

[4] Recharge ID: 15
    Amount: $100
    Status: APPROVED
    Payment Method: USDT_TRC20
    Created: 2/12/2026, 7:13:08 PM
    Approved: 2/12/2026, 7:13:21 PM

[5] Recharge ID: 14
    Amount: $100
    Status: REJECTED
    Payment Method: USDT_TRC20
    Created: 2/12/2026, 7:11:58 PM
    Approved: 2/12/2026, 7:12:44 PM

[6] Recharge ID: 13
    Amount: $100
    Status: REJECTED
    Payment Method: USDT_TRC20
    Created: 2/12/2026, 6:58:37 PM
    Approved: 2/12/2026, 7:11:19 PM

[7] Recharge ID: 12
    Amount: $100
    Status: APPROVED
    Payment Method: USDT_TRC20
    Created: 2/12/2026, 6:58:14 PM
    Approved: 2/12/2026, 6:58:24 PM

[8] Recharge ID: 11
    Amount: $100
    Status: APPROVED
    Payment Method: USDT_TRC20
    Created: 2/12/2026, 6:57:24 PM
    Approved: 2/12/2026, 6:57:56 PM

[9] Recharge ID: 10
    Amount: $100
    Status: APPROVED
    Payment Method: USDT_TRC20
    Created: 2/12/2026, 6:52:25 PM
    Approved: 2/12/2026, 6:52:37 PM

[10] Recharge ID: 9
    Amount: $100
    Status: APPROVED
    Payment Method: USDT_TRC20
    Created: 2/12/2026, 6:39:38 PM
    Approved: 2/12/2026, 6:40:03 PM

[11] Recharge ID: 8
    Amount: $100
    Status: APPROVED
    Payment Method: USDT_TRC20
    Created: 2/12/2026, 6:31:00 PM
    Approved: 2/12/2026, 6:31:10 PM

[12] Recharge ID: 7
    Amount: $100
    Status: APPROVED
    Payment Method: USDT_TRC20
    Created: 2/12/2026, 6:24:52 PM
    Approved: 2/12/2026, 6:25:14 PM

[13] Recharge ID: 6
    Amount: $10
    Status: APPROVED
    Payment Method: USDT_TRC20
    Created: 2/12/2026, 6:23:27 PM
    Approved: 2/12/2026, 6:23:42 PM

[14] Recharge ID: 5
    Amount: $10
    Status: APPROVED
    Payment Method: USDT_TRC20
    Created: 2/12/2026, 5:56:13 PM
    Approved: 2/12/2026, 6:22:29 PM

============================================================
DUPLICATE CHECK:
============================================================
Γ£à NO DUPLICATES FOUND - All recharge IDs are unique

============================================================
STATUS BREAKDOWN:
============================================================
   APPROVED: 12
   REJECTED: 2

≡ƒô¥ Step 6: Fetching transactions for comparison...
Γ£à Found 12 recharge transactions in transactions table

============================================================
TRANSACTIONS TABLE (type=recharge):
============================================================

[1] Transaction ID: 89
    Amount: $200
    Status: COMPLETED
    Reference: RECHARGE-18
    Description: Recharge approved by admin - USDT_TRC20
    Created: 2/15/2026, 10:23:05 AM

[2] Transaction ID: 88
    Amount: $200
    Status: COMPLETED
    Reference: RECHARGE-17
    Description: Recharge approved by admin - USDT_TRC20
    Created: 2/14/2026, 6:29:10 PM

[3] Transaction ID: 75
    Amount: $100
    Status: COMPLETED
    Reference: RECHARGE-16
    Description: Recharge approved by admin - USDT_TRC20
    Created: 2/13/2026, 1:42:12 PM

[4] Transaction ID: 73
    Amount: $100
    Status: COMPLETED
    Reference: RECHARGE-15
    Description: Recharge approved by admin - USDT_TRC20
    Created: 2/12/2026, 7:13:21 PM

[5] Transaction ID: 72
    Amount: $100
    Status: COMPLETED
    Reference: RECHARGE-12
    Description: Recharge approved by admin - USDT_TRC20
    Created: 2/12/2026, 6:58:24 PM

[6] Transaction ID: 71
    Amount: $100
    Status: COMPLETED
    Reference: RECHARGE-11
    Description: Recharge approved by admin - USDT_TRC20
    Created: 2/12/2026, 6:57:56 PM

[7] Transaction ID: 70
    Amount: $100
    Status: COMPLETED
    Reference: RECHARGE-10
    Description: Recharge approved by admin - USDT_TRC20
    Created: 2/12/2026, 6:52:37 PM

[8] Transaction ID: 69
    Amount: $100
    Status: COMPLETED
    Reference: RECHARGE-9
    Description: Recharge approved by admin - USDT_TRC20
    Created: 2/12/2026, 6:40:03 PM

[9] Transaction ID: 68
    Amount: $100
    Status: COMPLETED
    Reference: RECHARGE-8
    Description: Recharge approved by admin - USDT_TRC20
    Created: 2/12/2026, 6:31:10 PM

[10] Transaction ID: 67
    Amount: $100
    Status: COMPLETED
    Reference: RECHARGE-7
    Description: Recharge approved by admin - USDT_TRC20
    Created: 2/12/2026, 6:25:14 PM

[11] Transaction ID: 66
    Amount: $10
    Status: COMPLETED
    Reference: RECHARGE-6
    Description: Recharge approved by admin - USDT_TRC20
    Created: 2/12/2026, 6:23:42 PM

[12] Transaction ID: 65
    Amount: $10
    Status: COMPLETED
    Reference: RECHARGE-5
    Description: Recharge approved by admin - USDT_TRC20
    Created: 2/12/2026, 6:22:29 PM

============================================================
FINAL VERDICT:
============================================================

≡ƒôè Summary:
   - Recharge History API: 14 entries
   - APPROVED status in recharge history: 12
   - COMPLETED recharge transactions: 12

ΓÜá∩╕Å  APPROVED entries still present.
   This is expected if there are APPROVED entries without COMPLETED transactions.

============================================================
Γ£à TEST COMPLETED SUCCESSFULLY
============================================================

